// Jest Snapshot v1, https://goo.gl/fbAQLP

exports[`fetchDestinationsSaga should dispatch the fetchDestinationsFail action if the response errors 1`] = `
Object {
  "@@redux-saga/IO": true,
  "combinator": false,
  "payload": Object {
    "args": Array [
      "/api/v1/flights/GetDestinationPrices",
      FlightDestinationRequest {
        "budget": Budget {
          "max": 1000,
          "min": 0,
        },
        "dates": DatesInput {
          "dateFrom": null,
          "dateUntil": null,
          "uncertainDates": UncertainDates {
            "duration": 1,
            "monthIdx": 10,
          },
        },
        "departureAirportId": "MEL",
        "searchArea": MapArea {
          "lat": -12.21,
          "lng": 66.6,
          "radius": 199,
        },
      },
    ],
    "context": null,
    "fn": [Function],
  },
  "type": "CALL",
}
`;

exports[`fetchDestinationsSaga should dispatch the fetchDestinationsSuccess action if it requests the data successfully 1`] = `
Object {
  "@@redux-saga/IO": true,
  "combinator": false,
  "payload": Object {
    "args": Array [
      "/api/v1/flights/GetDestinationPrices",
      FlightDestinationRequest {
        "budget": Budget {
          "max": 1000,
          "min": 0,
        },
        "dates": DatesInput {
          "dateFrom": null,
          "dateUntil": null,
          "uncertainDates": UncertainDates {
            "duration": 1,
            "monthIdx": 10,
          },
        },
        "departureAirportId": "MEL",
        "searchArea": MapArea {
          "lat": -12.21,
          "lng": 66.6,
          "radius": 199,
        },
      },
    ],
    "context": null,
    "fn": [Function],
  },
  "type": "CALL",
}
`;
